org.rogervinas.MyImplTest.should do something more=[
  {
    "oneInteger": 345130239,
    "oneDouble": 0.6887620080485805,
    "oneString": "aaaaaaaaa",
    "oneDateTime": "2022-10-01T10:30:00"
  }
]


org.rogervinas.MyImplTest.should do something[1]=[
  {
    "oneInteger": 1,
    "oneDouble": 3.7,
    "oneString": "a",
    "oneDateTime": "2022-05-03T13:46:18"
  }
]


org.rogervinas.MyImplTest.should do something[2]=[
  {
    "oneInteger": 2,
    "oneDouble": 7.4,
    "oneString": "aa",
    "oneDateTime": "2022-05-03T13:46:18"
  }
]


org.rogervinas.MyImplTest.should do something[3]=[
  {
    "oneInteger": 3,
    "oneDouble": 11.100000000000001,
    "oneString": "aaa",
    "oneDateTime": "2022-05-03T13:46:18"
  }
]


org.rogervinas.MyImplTest.should do something[4]=[
  {
    "oneInteger": 4,
    "oneDouble": 14.8,
    "oneString": "aaaa",
    "oneDateTime": "2022-05-03T13:46:18"
  }
]


org.rogervinas.MyImplTest.should do something[5]=[
  {
    "oneInteger": 5,
    "oneDouble": 18.5,
    "oneString": "aaaaa",
    "oneDateTime": "2022-05-03T13:46:18"
  }
]


org.rogervinas.MyImplTest.should do something[6]=[
  {
    "oneInteger": 6,
    "oneDouble": 22.200000000000003,
    "oneString": "aaaaaa",
    "oneDateTime": "2022-05-03T13:46:18"
  }
]


org.rogervinas.MyImplTest.should do something[7]=[
  {
    "oneInteger": 7,
    "oneDouble": 25.900000000000002,
    "oneString": "aaaaaaa",
    "oneDateTime": "2022-05-03T13:46:18"
  }
]


org.rogervinas.MyImplTest.should do something[8]=[
  {
    "oneInteger": 8,
    "oneDouble": 29.6,
    "oneString": "aaaaaaaa",
    "oneDateTime": "2022-05-03T13:46:18"
  }
]


org.rogervinas.MyImplTest.should do something[9]=[
  {
    "oneInteger": 9,
    "oneDouble": 33.300000000000004,
    "oneString": "aaaaaaaaa",
    "oneDateTime": "2022-05-03T13:46:18"
  }
]